<testsuites id="" name="" tests="1" failures="0" skipped="0" errors="0" time="18.641062">
<testsuite name="web\valid-login-flow.spec.ts" timestamp="2026-09-26T06:17:31.098Z" hostname="chromium" tests="1" failures="0" skipped="0" time="8.012" errors="0">
<testcase name="Valid Login Flow @master @sanity @regression @web @login" classname="web\valid-login-flow.spec.ts" time="8.012">
<system-out>
<![CDATA[Completed valid customer login flow successfully.
]]>
</system-out>
</testcase>
</testsuite>
</testsuites>